Zalesky, A., Fornito, A., Harding, I. H., Cocchi, L., Yücel, M., Pantelis, C., & Bullmore, E. T. (2010). Whole-brain anatomical networks: does the choice of nodes matter?. Neuroimage, 50(3), 970-983.
Wang, X., Lin, Q., Xia, M., & He, Y. (2016). Differentially Categorized Structural Connectome Hubs are Involved in Differential Microstructural Basis and Functional Implications and Contribute to Individual Identification. arXiv preprint arXiv:1609.03372.
